../Core/Src/main.c:118:5:main	232	static
../Core/Src/main.c:345:6:SystemClock_Config	96	static
../Core/Src/main.c:396:13:MX_I2C1_Init	8	static
../Core/Src/main.c:444:13:MX_USART2_UART_Init	8	static
../Core/Src/main.c:479:13:MX_GPIO_Init	40	static
../Core/Src/main.c:503:19:EscrituraSensor	32	static
../Core/Src/main.c:508:19:LecturaSensor	32	static
../Core/Src/main.c:512:19:InicializacionSensor	16	static
../Core/Src/main.c:540:19:LeerMuestra	40	static
../Core/Src/main.c:552:7:CalcularSp02	24	static
../Core/Src/main.c:592:6:EnviarSpO2PorBluetooth	40	static
../Core/Src/main.c:608:6:Error_Handler	4	static,ignoring_inline_asm
